#-----------------------------------------------------------
# Vivado v2013.4 (64-bit)
# SW Build 353583 on Mon Dec  9 17:26:26 MST 2013
# IP Build 208076 on Mon Dec  2 12:38:17 MST 2013
# Start of session at: Wed Jun 18 21:49:08 2014
# Process ID: 31342
# Log file: /home/ee/s/sf306/AXIM_snooper/AXIM_snoop/axim_snooper_1.0/hdl/vivado.log
# Journal file: /home/ee/s/sf306/AXIM_snooper/AXIM_snoop/axim_snooper_1.0/hdl/vivado.jou
#-----------------------------------------------------------
start_gui
open_project /home/ee/s/sf306/AXIM_snooper/managed_ip_project/edit_axim_snooper_v1_0.xpr
reset_run synth_1
launch_runs synth_1
wait_on_run synth_1
reset_run synth_1
launch_runs synth_1
wait_on_run synth_1
reset_run synth_1
launch_runs synth_1
wait_on_run synth_1
launch_runs impl_1
wait_on_run impl_1
ipx::open_core -upgrade true {/home/ee/s/sf306/AXIM_snooper/AXIM_snoop/axim_snooper_1.0/component.xml}
ipx::save_core [ipx::current_core]
update_ip_catalog -rebuild -repo_path /home/ee/s/sf306/AXIM_snooper/AXIM_snoop/axim_snooper_1.0
ipx::unload_core {sfleming:HHB:axim_snooper:1.05}
ipx::open_core -upgrade true {/home/ee/s/sf306/AXIM_snooper/AXIM_snoop/axim_snooper_1.0/component.xml}
ipx::remove_all_port [ipx::current_core]
ipx::add_ports_from_hdl [ipx::current_core] -top_level_hdl_file {/home/ee/s/sf306/AXIM_snooper/AXIM_snoop/axim_snooper_1.0/hdl/axim_snooper_v1_0.vhd} -top_module_name {axim_snooper_v1_0}
set_property version {1.06} [ipx::current_core]
ipx::save_core [ipx::current_core]
update_ip_catalog -rebuild -repo_path /home/ee/s/sf306/AXIM_snooper/AXIM_snoop/axim_snooper_1.0
ipx::unload_core {sfleming:HHB:axim_snooper:1.06}
close_project
open_project /home/ee/s/sf306/HeterogeneousHeartbeats/applications/lloyds/RTL/k_means_zynq/k_means_zynq.xpr
open_bd_design {/home/ee/s/sf306/HeterogeneousHeartbeats/applications/lloyds/RTL/k_means_zynq/k_means_zynq.srcs/sources_1/bd/zynq_system/zynq_system.bd}
report_ip_status -name ip_status_1 
current_bd_design zynq_system
upgrade_bd_cells [get_bd_cells [list /axim_snooper_0 ] ]
report_ip_status -name ip_status_1 
set_property location {4 1539 1127} [get_bd_cells axim_snooper_0]
set_property location {5 2058 1181} [get_bd_cells axi_mem_intercon_1]
set_property location {5 2068 1352} [get_bd_cells axi_mem_intercon_1]
connect_bd_net [get_bd_pins axim_snooper_0/awvalid_output] [get_bd_pins axi_mem_intercon_1/S00_AXI_awvalid]
connect_bd_net [get_bd_pins axim_snooper_0/axim_waddr_output] [get_bd_pins axi_mem_intercon_1/S00_AXI_awaddr]
connect_bd_net [get_bd_pins axim_snooper_0/arvalid_output] [get_bd_pins axi_mem_intercon_1/S00_AXI_arvalid]
connect_bd_net [get_bd_pins axim_snooper_0/axim_raddr_output] [get_bd_pins axi_mem_intercon_1/S00_AXI_araddr]
connect_bd_net [get_bd_pins lloyds_kernel_top_0/m_axi_master_portA_AWVALID] [get_bd_pins axim_snooper_0/awvalid_input]
connect_bd_net [get_bd_pins axim_snooper_0/axim_waddr_input] [get_bd_pins lloyds_kernel_top_0/m_axi_master_portA_AWADDR]
connect_bd_net [get_bd_pins lloyds_kernel_top_0/m_axi_master_portA_ARVALID] [get_bd_pins axim_snooper_0/arvalid_input]
connect_bd_net [get_bd_pins axim_snooper_0/axim_raddr_input] [get_bd_pins lloyds_kernel_top_0/m_axi_master_portA_ARADDR]
save_bd_design
